###############################################################################
#
# IAR ANSI C/C++ Compiler V9.50.2.385/W64 for ARM         28/Nov/2025  22:44:16
# Copyright 1999-2024 IAR Systems AB.
#
#    Cpu mode                     =  thumb
#    Endian                       =  little
#    Source file                  =
#        D:\@@@@@@@ @@@@\@@@@@@@@\@@@@@\@@@@@@@@@ @@@@\@@@@@@@@@@@ @@@@@@@@@@@
#        @@@@@@@@@@@@@ @@@@@@@@@\lab2\Lab1\Application\Mode\CommonMode.cpp
#    Command line                 =
#        -f "D:\@@@@@@@ @@@@\@@@@@@@@\@@@@@\@@@@@@@@@ @@@@\@@@@@@@@@@@
#        @@@@@@@@@@@ @@@@@@@@@@@@@
#        @@@@@@@@@\lab2\Lab1\Debug\Obj\Mode_16823006984759215243.dir\CommonMode.o.rsp"
#        ("D:\@@@@@@@ @@@@\@@@@@@@@\@@@@@\@@@@@@@@@ @@@@\@@@@@@@@@@@
#        @@@@@@@@@@@ @@@@@@@@@@@@@
#        @@@@@@@@@\lab2\Lab1\Application\Mode\CommonMode.cpp" -lC "D:\@@@@@@@
#        @@@@\@@@@@@@@\@@@@@\@@@@@@@@@ @@@@\@@@@@@@@@@@ @@@@@@@@@@@
#        @@@@@@@@@@@@@
#        @@@@@@@@@\lab2\Lab1\Debug\List\Mode_16823006984759215243.dir" -lA
#        "D:\@@@@@@@ @@@@\@@@@@@@@\@@@@@\@@@@@@@@@ @@@@\@@@@@@@@@@@ @@@@@@@@@@@
#        @@@@@@@@@@@@@
#        @@@@@@@@@\lab2\Lab1\Debug\List\Mode_16823006984759215243.dir" -o
#        "D:\@@@@@@@ @@@@\@@@@@@@@\@@@@@\@@@@@@@@@ @@@@\@@@@@@@@@@@ @@@@@@@@@@@
#        @@@@@@@@@@@@@
#        @@@@@@@@@\lab2\Lab1\Debug\Obj\Mode_16823006984759215243.dir" --no_cse
#        --no_unroll --no_inline --no_code_motion --no_tbaa --no_clustering
#        --no_scheduling --debug --endian=little --cpu=Cortex-M4 -e
#        --fpu=VFPv4_sp --dlib_config
#        E:\IAR_Embedded_Workbench_for_ARM\arm\inc\c\DLib_Config_Normal.h -I
#        "D:\@@@@@@@ @@@@\@@@@@@@@\@@@@@\@@@@@@@@@ @@@@\@@@@@@@@@@@ @@@@@@@@@@@
#        @@@@@@@@@@@@@ @@@@@@@@@\lab2\Lab1\Common\\" -I "D:\@@@@@@@
#        @@@@\@@@@@@@@\@@@@@\@@@@@@@@@ @@@@\@@@@@@@@@@@ @@@@@@@@@@@
#        @@@@@@@@@@@@@
#        @@@@@@@@@\lab2\Lab1\AHardware\Registers\STM32F411\FieldValues\\" -I
#        "D:\@@@@@@@ @@@@\@@@@@@@@\@@@@@\@@@@@@@@@ @@@@\@@@@@@@@@@@ @@@@@@@@@@@
#        @@@@@@@@@@@@@ @@@@@@@@@\lab2\Lab1\AHardware\Registers\STM32F411\\" -I
#        "D:\@@@@@@@ @@@@\@@@@@@@@\@@@@@\@@@@@@@@@ @@@@\@@@@@@@@@@@ @@@@@@@@@@@
#        @@@@@@@@@@@@@ @@@@@@@@@\lab2\Lab1\AHardware\Registers\\" -I
#        "D:\@@@@@@@ @@@@\@@@@@@@@\@@@@@\@@@@@@@@@ @@@@\@@@@@@@@@@@ @@@@@@@@@@@
#        @@@@@@@@@@@@@ @@@@@@@@@\lab2\Lab1\AHardware\Registers\CortexM4\\" -I
#        "D:\@@@@@@@ @@@@\@@@@@@@@\@@@@@\@@@@@@@@@ @@@@\@@@@@@@@@@@ @@@@@@@@@@@
#        @@@@@@@@@@@@@
#        @@@@@@@@@\lab2\Lab1\AHardware\Registers\CortexM4\FieldValues\\" -I
#        "D:\@@@@@@@ @@@@\@@@@@@@@\@@@@@\@@@@@@@@@ @@@@\@@@@@@@@@@@ @@@@@@@@@@@
#        @@@@@@@@@@@@@ @@@@@@@@@\lab2\Lab1\Application\Led\Contracts\\" -I
#        "D:\@@@@@@@ @@@@\@@@@@@@@\@@@@@\@@@@@@@@@ @@@@\@@@@@@@@@@@ @@@@@@@@@@@
#        @@@@@@@@@@@@@ @@@@@@@@@\lab2\Lab1\Application\Led\\" -I "D:\@@@@@@@
#        @@@@\@@@@@@@@\@@@@@\@@@@@@@@@ @@@@\@@@@@@@@@@@ @@@@@@@@@@@
#        @@@@@@@@@@@@@ @@@@@@@@@\lab2\Lab1\Application\Mode\Contracts\\" -I
#        "D:\@@@@@@@ @@@@\@@@@@@@@\@@@@@\@@@@@@@@@ @@@@\@@@@@@@@@@@ @@@@@@@@@@@
#        @@@@@@@@@@@@@ @@@@@@@@@\lab2\Lab1\Application\Button\\" -I "D:\@@@@@@@
#        @@@@\@@@@@@@@\@@@@@\@@@@@@@@@ @@@@\@@@@@@@@@@@ @@@@@@@@@@@
#        @@@@@@@@@@@@@ @@@@@@@@@\lab2\Lab1\Application\Button\Contrats\\" -I
#        "D:\@@@@@@@ @@@@\@@@@@@@@\@@@@@\@@@@@@@@@ @@@@\@@@@@@@@@@@ @@@@@@@@@@@
#        @@@@@@@@@@@@@ @@@@@@@@@\lab2\Lab1\Application\LcdController\\" -I
#        "D:\@@@@@@@ @@@@\@@@@@@@@\@@@@@\@@@@@@@@@ @@@@\@@@@@@@@@@@ @@@@@@@@@@@
#        @@@@@@@@@@@@@
#        @@@@@@@@@\lab2\Lab1\Application\LcdController\Contracts\\" -I
#        "D:\@@@@@@@ @@@@\@@@@@@@@\@@@@@\@@@@@@@@@ @@@@\@@@@@@@@@@@ @@@@@@@@@@@
#        @@@@@@@@@@@@@ @@@@@@@@@\lab2\Lab1\Application\Mode\\" -On --c++
#        --no_exceptions --no_rtti) --dependencies=n "D:\@@@@@@@
#        @@@@\@@@@@@@@\@@@@@\@@@@@@@@@ @@@@\@@@@@@@@@@@ @@@@@@@@@@@
#        @@@@@@@@@@@@@
#        @@@@@@@@@\lab2\Lab1\Debug\Obj\Mode_16823006984759215243.dir\CommonMode.o.iar_deps"
#    Locale                       =  C
#    List file                    =
#        D:\@@@@@@@ @@@@\@@@@@@@@\@@@@@\@@@@@@@@@ @@@@\@@@@@@@@@@@ @@@@@@@@@@@
#        @@@@@@@@@@@@@
#        @@@@@@@@@\lab2\Lab1\Debug\List\Mode_16823006984759215243.dir\CommonMode.lst
#    Object file                  =
#        D:\@@@@@@@ @@@@\@@@@@@@@\@@@@@\@@@@@@@@@ @@@@\@@@@@@@@@@@ @@@@@@@@@@@
#        @@@@@@@@@@@@@
#        @@@@@@@@@\lab2\Lab1\Debug\Obj\Mode_16823006984759215243.dir\CommonMode.o
#    Runtime model:                  
#      __CPP_Exceptions           =  Disabled
#      __CPP_Language             =  C++14
#      __CPP_Library              =  DLib
#      __CPP_Runtime              =  1
#      __SystemLibrary            =  DLib
#      __dlib_file_descriptor     =  0
#      __dlib_full_locale_support =  0
#      __dlib_version             =  6
#
###############################################################################

D:\@@@@@@@ @@@@\@@@@@@@@\@@@@@\@@@@@@@@@ @@@@\@@@@@@@@@@@ @@@@@@@@@@@ @@@@@@@@@@@@@ @@@@@@@@@\lab2\Lab1\Application\Mode\CommonMode.cpp
      1          #include "CommonMode.h"
Warning[Ms014]: some characters could not be correctly encoded in "D:\@@@@@@@
          @@@@\@@@@@@@@\@@@@@\@@@@@@@@@ @@@@\@@@@@@@@@@@ @@@@@@@@@@@
          @@@@@@@@@@@@@
          @@@@@@@@@\lab2\Lab1\Debug\List\Mode_16823006984759215243.dir\CommonM
          ode.s", and have been replaced with '@'. The first such character has
          unicode code point 0x420 ("@")

   \                                 In section .text, align 2
   \   __vfp IMode::subobject IMode() noexcept
   \                     _ZN5IModeC2Ev: (+1)
   \        0x0   0xB510             PUSH     {R4,LR}
   \        0x2   0x0004             MOVS     R4,R0
   \        0x4   0x0020             MOVS     R0,R4
   \        0x6   0x.... 0x....      BL       _ZN5IModeC1Ev
   \        0xA   0xBD10             POP      {R4,PC}

   \                                 In section .text, align 2
   \   __vfp IMode::IMode() noexcept
   \                     _ZN5IModeC1Ev: (+1)
   \        0x0   0x4770             BX       LR

   \                                 In section .text, align 2
   \   __vfp ILedOnOff *const *std::_Addressof<ILedOnOff *const>(ILedOnOff *const &, std::false_type) noexcept
   \                     _ZSt10_AddressofIKP9ILedOnOffEPT_RS3_St17integral_constantIbLb0EE: (+1)
   \        0x0   0x4770             BX       LR

   \                                 In section .text, align 4
   \   __vfp ILedOnOff *const *std::addressof<ILedOnOff *const>(ILedOnOff *const &) noexcept
   \                     _ZSt9addressofIKP9ILedOnOffEPT_RS3_: (+1)
   \        0x0   0xB510             PUSH     {R4,LR}
   \        0x2   0x0004             MOVS     R4,R0
   \        0x4   0x4802             LDR.N    R0,??addressof_0
   \        0x6   0x7801             LDRB     R1,[R0, #+0]
   \        0x8   0x0020             MOVS     R0,R4
   \        0xA   0x.... 0x....      BL       _ZSt10_AddressofIKP9ILedOnOffEPT_RS3_St17integral_constantIbLb0EE
   \        0xE   0xBD10             POP      {R4,PC}
   \                     ??addressof_0:
   \       0x10   0x....'....        DC32     ?_0

   \                                 In section .text, align 2
   \   __vfp std::_Array_const_iterator<ILedOnOff *, 4U>::_Array_const_iterator(ILedOnOff *const *, size_t)
   \                     _ZNSt21_Array_const_iteratorIP9ILedOnOffLj4EEC1EPKS1_j: (+1)
   \        0x0   0xEB01 0x0382      ADD      R3,R1,R2, LSL #+2
   \        0x4   0x6003             STR      R3,[R0, #+0]
   \        0x6   0x4770             BX       LR

   \                                 In section .text, align 2
   \   __vfp ILedOnOff *const & std::_Array_const_iterator<ILedOnOff *, 4U>::operator*() const
   \                     _ZNKSt21_Array_const_iteratorIP9ILedOnOffLj4EEdeEv: (+1)
   \        0x0   0x6800             LDR      R0,[R0, #+0]
   \        0x2   0x4770             BX       LR

   \                                 In section .text, align 2
   \   __vfp std::_Array_const_iterator<ILedOnOff *, 4U> &std::_Array_const_iterator<ILedOnOff *, 4U>::operator++()
   \                     _ZNSt21_Array_const_iteratorIP9ILedOnOffLj4EEppEv: (+1)
   \        0x0   0x6801             LDR      R1,[R0, #+0]
   \        0x2   0x1D09             ADDS     R1,R1,#+4
   \        0x4   0x6001             STR      R1,[R0, #+0]
   \        0x6   0x4770             BX       LR

   \                                 In section .text, align 2
   \   __vfp bool std::_Array_const_iterator<ILedOnOff *, 4U>::operator==(std::_Array_const_iterator<ILedOnOff *, 4U> const &) const
   \                     _ZNKSt21_Array_const_iteratorIP9ILedOnOffLj4EEeqERKS2_: (+1)
   \        0x0   0x6800             LDR      R0,[R0, #+0]
   \        0x2   0x6809             LDR      R1,[R1, #+0]
   \        0x4   0x4288             CMP      R0,R1
   \        0x6   0xD101             BNE.N    `??operator==_0`
   \        0x8   0x2001             MOVS     R0,#+1
   \        0xA   0xE000             B.N      `??operator==_1`
   \                     `??operator==_0`: (+1)
   \        0xC   0x2000             MOVS     R0,#+0
   \                     `??operator==_1`: (+1)
   \        0xE   0xB2C0             UXTB     R0,R0
   \       0x10   0x4770             BX       LR

   \                                 In section .text, align 2
   \   __vfp bool std::_Array_const_iterator<ILedOnOff *, 4U>::operator!=(std::_Array_const_iterator<ILedOnOff *, 4U> const &) const
   \                     _ZNKSt21_Array_const_iteratorIP9ILedOnOffLj4EEneERKS2_: (+1)
   \        0x0   0xB538             PUSH     {R3-R5,LR}
   \        0x2   0x0005             MOVS     R5,R0
   \        0x4   0x000C             MOVS     R4,R1
   \        0x6   0x0021             MOVS     R1,R4
   \        0x8   0x0028             MOVS     R0,R5
   \        0xA   0x.... 0x....      BL       _ZNKSt21_Array_const_iteratorIP9ILedOnOffLj4EEeqERKS2_
   \        0xE   0x2800             CMP      R0,#+0
   \       0x10   0xD101             BNE.N    `??operator!=_0`
   \       0x12   0x2001             MOVS     R0,#+1
   \       0x14   0xE000             B.N      `??operator!=_1`
   \                     `??operator!=_0`: (+1)
   \       0x16   0x2000             MOVS     R0,#+0
   \                     `??operator!=_1`: (+1)
   \       0x18   0xB2C0             UXTB     R0,R0
   \       0x1A   0xBD32             POP      {R1,R4,R5,PC}

   \                                 In section .text, align 2
   \   __vfp std::array<ILedOnOff *, 4U>::const_iterator std::array<ILedOnOff *, 4U>::begin() const noexcept
   \                     _ZNKSt5arrayIP9ILedOnOffLj4EE5beginEv: (+1)
   \        0x0   0xB51C             PUSH     {R2-R4,LR}
   \        0x2   0x0004             MOVS     R4,R0
   \        0x4   0x0020             MOVS     R0,R4
   \        0x6   0x.... 0x....      BL       _ZSt9addressofIKP9ILedOnOffEPT_RS3_
   \        0xA   0x0001             MOVS     R1,R0
   \        0xC   0x2200             MOVS     R2,#+0
   \        0xE   0x4668             MOV      R0,SP
   \       0x10   0x.... 0x....      BL       _ZNSt21_Array_const_iteratorIP9ILedOnOffLj4EEC1EPKS1_j
   \       0x14   0x9800             LDR      R0,[SP, #+0]
   \       0x16   0xBD16             POP      {R1,R2,R4,PC}

   \                                 In section .text, align 2
   \   __vfp std::array<ILedOnOff *, 4U>::const_iterator std::array<ILedOnOff *, 4U>::end() const noexcept
   \                     _ZNKSt5arrayIP9ILedOnOffLj4EE3endEv: (+1)
   \        0x0   0xB51C             PUSH     {R2-R4,LR}
   \        0x2   0x0004             MOVS     R4,R0
   \        0x4   0x0020             MOVS     R0,R4
   \        0x6   0x.... 0x....      BL       _ZSt9addressofIKP9ILedOnOffEPT_RS3_
   \        0xA   0x0001             MOVS     R1,R0
   \        0xC   0x2204             MOVS     R2,#+4
   \        0xE   0x4668             MOV      R0,SP
   \       0x10   0x.... 0x....      BL       _ZNSt21_Array_const_iteratorIP9ILedOnOffLj4EEC1EPKS1_j
   \       0x14   0x9800             LDR      R0,[SP, #+0]
   \       0x16   0xBD16             POP      {R1,R2,R4,PC}
      2          #include "Led.h"
      3          #include <cassert>
      4          #include "ILedToggable.h" // for ILedToggable
      5          #include "ILedOnOff.h" // for ILedOnOff
      6          

   \                                 In section .text, align 2, keep-with-next
   \   __vfp CommonMode::subobject CommonMode(tLeds const &, tLedsOnOff const &)
   \                     _ZN10CommonModeC2ERKSt5arrayIP12ILedToggableLj4EERKS0_IP9ILedOnOffLj4EE: (+1)
   \        0x0   0xB510             PUSH     {R4,LR}
   \        0x2   0x0004             MOVS     R4,R0
   \        0x4   0x0020             MOVS     R0,R4
   \        0x6   0x.... 0x....      BL       _ZN10CommonModeC1ERKSt5arrayIP12ILedToggableLj4EERKS0_IP9ILedOnOffLj4EE
   \        0xA   0xBD10             POP      {R4,PC}

   \                                 In section .text, align 2, keep-with-next
      7          CommonMode::CommonMode(const tLeds& leds, const tLedsOnOff& ledsOnOff):
      8              mLeds(leds),
      9              mLedsOnOff(ledsOnOff),
     10              mCurrentLedNumber(0)
     11              {
   \                     _ZN10CommonModeC1ERKSt5arrayIP12ILedToggableLj4EERKS0_IP9ILedOnOffLj4EE: (+1)
   \        0x0   0xB570             PUSH     {R4-R6,LR}
   \        0x2   0x0004             MOVS     R4,R0
   \        0x4   0x000D             MOVS     R5,R1
   \        0x6   0x0016             MOVS     R6,R2
   \        0x8   0x0020             MOVS     R0,R4
   \        0xA   0x.... 0x....      BL       _ZN5IModeC2Ev
   \        0xE   0x....             LDR.N    R0,??DataTable1
   \       0x10   0x6020             STR      R0,[R4, #+0]
   \       0x12   0x6065             STR      R5,[R4, #+4]
   \       0x14   0x60A6             STR      R6,[R4, #+8]
   \       0x16   0x2000             MOVS     R0,#+0
   \       0x18   0x60E0             STR      R0,[R4, #+12]
     12                
     13              }
   \       0x1A   0x0020             MOVS     R0,R4
   \       0x1C   0xBD70             POP      {R4-R6,PC}

   \                                 In section .text, align 2, keep-with-next
     14          void CommonMode::Init()
     15              {
   \                     _ZN10CommonMode4InitEv: (+1)
   \        0x0   0xB53E             PUSH     {R1-R5,LR}
   \        0x2   0x0004             MOVS     R4,R0
     16                mCurrentLedNumber = 0;
   \        0x4   0x2000             MOVS     R0,#+0
   \        0x6   0x60E0             STR      R0,[R4, #+12]
     17                for (auto it: mLedsOnOff)
   \        0x8   0x68A5             LDR      R5,[R4, #+8]
   \        0xA   0x0028             MOVS     R0,R5
   \        0xC   0x.... 0x....      BL       _ZNKSt5arrayIP9ILedOnOffLj4EE5beginEv
   \       0x10   0x9000             STR      R0,[SP, #+0]
   \       0x12   0x0028             MOVS     R0,R5
   \       0x14   0x.... 0x....      BL       _ZNKSt5arrayIP9ILedOnOffLj4EE3endEv
   \       0x18   0x9001             STR      R0,[SP, #+4]
   \                     ??Init_0: (+1)
   \       0x1A   0xA901             ADD      R1,SP,#+4
   \       0x1C   0x4668             MOV      R0,SP
   \       0x1E   0x.... 0x....      BL       _ZNKSt21_Array_const_iteratorIP9ILedOnOffLj4EEneERKS2_
   \       0x22   0x2800             CMP      R0,#+0
   \       0x24   0xD00C             BEQ.N    ??Init_1
   \       0x26   0x4668             MOV      R0,SP
   \       0x28   0x.... 0x....      BL       _ZNKSt21_Array_const_iteratorIP9ILedOnOffLj4EEdeEv
   \       0x2C   0x6800             LDR      R0,[R0, #+0]
   \       0x2E   0x0005             MOVS     R5,R0
     18                {
     19                  it->Off();
   \       0x30   0x0028             MOVS     R0,R5
   \       0x32   0x6829             LDR      R1,[R5, #+0]
   \       0x34   0x6849             LDR      R1,[R1, #+4]
   \       0x36   0x4788             BLX      R1
     20                }
   \       0x38   0x4668             MOV      R0,SP
   \       0x3A   0x.... 0x....      BL       _ZNSt21_Array_const_iteratorIP9ILedOnOffLj4EEppEv
   \       0x3E   0xE7EC             B.N      ??Init_0
     21              }
   \                     ??Init_1: (+1)
   \       0x40   0xBD37             POP      {R0-R2,R4,R5,PC}

   \                                 In section .text, align 4, keep-with-next
   \                     ??DataTable1:
   \        0x0   0x....'....        DC32     _ZTV10CommonMode+8

   Maximum stack usage in bytes:

   .cstack Function
   ------- --------
      16   CommonMode::CommonMode(tLeds const &, tLedsOnOff const &)
        16   -> IMode::subobject IMode() noexcept
      24   CommonMode::Init()
        24   -- Indirect call
        24   -> std::_Array_const_iterator<ILedOnOff *, 4U>::operator!=(std::_Array_const_iterator<ILedOnOff *, 4U> const &) const
        24   -> std::_Array_const_iterator<ILedOnOff *, 4U>::operator*() const
        24   -> std::_Array_const_iterator<ILedOnOff *, 4U>::operator++()
        24   -> std::array<ILedOnOff *, 4U>::begin() const noexcept
        24   -> std::array<ILedOnOff *, 4U>::end() const noexcept
       8   CommonMode::subobject CommonMode(tLeds const &, tLedsOnOff const &)
         8   -> CommonMode::CommonMode(tLeds const &, tLedsOnOff const &)
       0   IMode::IMode() noexcept
       8   IMode::subobject IMode() noexcept
         8   -> IMode::IMode() noexcept
       0   std::_Addressof<ILedOnOff *const>(ILedOnOff *const &, std::false_type) noexcept
       0   std::_Array_const_iterator<ILedOnOff *, 4U>::_Array_const_iterator(ILedOnOff *const *, size_t)
      16   std::_Array_const_iterator<ILedOnOff *, 4U>::operator!=(std::_Array_const_iterator<ILedOnOff *, 4U> const &) const
        16   -> std::_Array_const_iterator<ILedOnOff *, 4U>::operator==(std::_Array_const_iterator<ILedOnOff *, 4U> const &) const
       0   std::_Array_const_iterator<ILedOnOff *, 4U>::operator*() const
       0   std::_Array_const_iterator<ILedOnOff *, 4U>::operator++()
       0   std::_Array_const_iterator<ILedOnOff *, 4U>::operator==(std::_Array_const_iterator<ILedOnOff *, 4U> const &) const
       8   std::addressof<ILedOnOff *const>(ILedOnOff *const &) noexcept
         8   -> std::_Addressof<ILedOnOff *const>(ILedOnOff *const &, std::false_type) noexcept
      16   std::array<ILedOnOff *, 4U>::begin() const noexcept
        16   -> std::_Array_const_iterator<ILedOnOff *, 4U>::_Array_const_iterator(ILedOnOff *const *, size_t)
        16   -> std::addressof<ILedOnOff *const>(ILedOnOff *const &) noexcept
      16   std::array<ILedOnOff *, 4U>::end() const noexcept
        16   -> std::_Array_const_iterator<ILedOnOff *, 4U>::_Array_const_iterator(ILedOnOff *const *, size_t)
        16   -> std::addressof<ILedOnOff *const>(ILedOnOff *const &) noexcept


   Section sizes:

   Bytes  Function/Label
   -----  --------------
       4  ??DataTable1
      30  CommonMode::CommonMode(tLeds const &, tLedsOnOff const &)
      66  CommonMode::Init()
      12  CommonMode::subobject CommonMode(tLeds const &, tLedsOnOff const &)
       2  IMode::IMode() noexcept
      12  IMode::subobject IMode() noexcept
       2  std::_Addressof<ILedOnOff *const>(ILedOnOff *const &, std::false_type) noexcept
       8  std::_Array_const_iterator<ILedOnOff *, 4U>::_Array_const_iterator(ILedOnOff *const *, size_t)
      28  std::_Array_const_iterator<ILedOnOff *, 4U>::operator!=(std::_Array_const_iterator<ILedOnOff *, 4U> const &) const
       4  std::_Array_const_iterator<ILedOnOff *, 4U>::operator*() const
       8  std::_Array_const_iterator<ILedOnOff *, 4U>::operator++()
      18  std::_Array_const_iterator<ILedOnOff *, 4U>::operator==(std::_Array_const_iterator<ILedOnOff *, 4U> const &) const
      20  std::addressof<ILedOnOff *const>(ILedOnOff *const &) noexcept
      24  std::array<ILedOnOff *, 4U>::begin() const noexcept
      24  std::array<ILedOnOff *, 4U>::end() const noexcept
     105  -- Other

 
 105 bytes in section .rodata
 262 bytes in section .text
 
 112 bytes of CODE  memory (+ 150 bytes shared)
   1 byte  of CONST memory (+ 104 bytes shared)

Errors: none
Warnings: 1
